2026-07-29 08:44:34 [DEBUG] Skipping notification (disabled). Subject: Test Subject
2026-07-29 08:44:34 [INFO ] === dry_run started ===
2026-07-29 08:44:34 [INFO ] Target date: 2026-08-05 (+7d), headless=False
2026-07-29 08:44:34 [INFO ] Page loaded: https://example.com/?selectedDate=2026-08-05
2026-07-29 08:44:34 [INFO ] Correct date confirmed: 2026-08-05
2026-07-29 08:44:34 [INFO ] Available slots: ['5:00 PM - 8:00 PM']
2026-07-29 08:44:34 [INFO ] Selected slot: 6:00 PM - 7:00 PM (18:00–19:00)
2026-07-29 08:44:34 [INFO ] Time inputs filled.
2026-07-29 08:44:34 [INFO ] [DRY RUN] Would book '6:00 PM - 7:00 PM' on 2026-08-05. Skipping save.
2026-07-29 08:44:34 [INFO ] === dry_run complete ===
2026-07-29 08:44:34 [INFO ] === court_booker started ===
2026-07-29 08:44:34 [INFO ] Target date: 2026-08-06 (+8d), headless=True
2026-07-29 08:44:34 [INFO ] Page loaded: https://example.com/?selectedDate=2026-08-06
2026-07-29 08:44:34 [INFO ] Correct date confirmed: 2026-08-06
2026-07-29 08:44:34 [INFO ] Available slots: ['5:00 PM - 8:00 PM']
2026-07-29 08:44:34 [INFO ] Selected slot: 6:00 PM - 7:00 PM (18:00–19:00)
2026-07-29 08:44:34 [INFO ] Time inputs filled.
2026-07-29 08:44:34 [INFO ] Successfully booked tennis court for 2026-08-06 at 6:00 PM - 7:00 PM.
2026-07-29 08:44:34 [INFO ] === court_booker complete ===
2026-07-29 08:46:13 [INFO ] === dry_run started ===
2026-07-29 08:46:13 [INFO ] Target date: 2026-08-05 (+7d), headless=False
2026-07-29 08:46:14 [INFO ] Page loaded: https://auth.buildinglink.com/Account/Login?ReturnUrl=%2Fconnect%2Fauthorize%2Fcallback%3Fclient_id%3Dbl-web%26nonce%3D639209259745873867.MjZkZDRiYjYtNGE2Ny00OTQwLTgxNjMtMzhlY2IzNGRiYThkOTAwMjAyZmItMDFhMi00NGQxLTg4MzMtOWE5NjZkMThjYjEy%26redirect_uri%3Dhttps%253A%252F%252Flighthousewest-tscc2794.buildinglink.com%252Fv2%252Foidc-callback%26response_mode%3Dform_post%26response_type%3Dcode%2520id_token%2520token%26returnUrl%3Dhttps%253A%252F%252Flighthousewest-tscc2794.buildinglink.com%252Fv2%252Ftenant%252Famenities%252Fnewreservation.aspx%253FamenityId%253D68068%2526from%253D0%2526selectedDate%253D2026-08-05%26scope%3Dopenid%2520profile%2520groups%2520buildinglink%2520offline_access%2520uuids%26state%3DOpenIdConnect.AuthenticationProperties%253DRtwoz77M8fjfB47ocMzJ3vk4RZl69wxYR9rSMAks-vj12XjvblTy86wMAqgWFew_GQh4P-aDT1spCfDyJz-WBx2dR6FPaU-XahRBlL-NuWydioO45AQqMzfowuEycm_LP8piTRIZe9Dyb_eV2ZFu07oDUTJh_R8uuRqQihqannlLfbVBWq0OhwtGsZn5E84f9HEZip-xMLRpLFlQN3uT05AnHFJuxE79A0aR4qUiN4vDKxc8t5eJ1OVZ00l6YSWutKCmLX1TJAuRFvCSexu34g%26x-client-SKU%3DID_NET461%26x-client-ver%3D5.4.0.0
2026-07-29 08:46:14 [INFO ] Login redirect detected. Attempting authentication.
2026-07-29 08:46:20 [INFO ] Login successful.
2026-07-29 08:46:20 [INFO ] Saved HTML: html/after_login_2026-08-05_20260729_084620.html
2026-07-29 08:46:20 [INFO ] Correct date confirmed: 2026-08-05
2026-07-29 08:46:20 [INFO ] Available slots: ['10:00 - 12:00', '/', '14:00 - 16:00']
2026-07-29 08:46:20 [INFO ] Saved HTML: html/availability_2026-08-05_20260729_084620.html
2026-07-29 08:46:20 [INFO ] Selected slot: 11:00 AM - 12:00 PM (11:00–12:00)
2026-07-29 08:46:20 [INFO ] Time inputs filled.
2026-07-29 08:46:20 [INFO ] Saved HTML: html/filled_2026-08-05_20260729_084620.html
2026-07-29 08:46:20 [INFO ] [DRY RUN] Would book '11:00 AM - 12:00 PM' on 2026-08-05. Skipping save.
2026-07-29 08:48:22 [DEBUG] Skipping notification (disabled). Subject: Test Subject
2026-07-29 08:48:22 [INFO ] === dry_run started ===
2026-07-29 08:48:22 [INFO ] Target date: 2026-08-05 (+7d), headless=False
2026-07-29 08:48:22 [INFO ] Page loaded: https://example.com/?selectedDate=2026-08-05
2026-07-29 08:48:22 [INFO ] Correct date confirmed: 2026-08-05
2026-07-29 08:48:22 [INFO ] Available slots: ['5:00 PM - 8:00 PM']
2026-07-29 08:48:22 [INFO ] Selected slot: 6:00 PM - 7:00 PM (18:00–19:00)
2026-07-29 08:48:22 [INFO ] Time inputs filled.
2026-07-29 08:48:22 [INFO ] [DRY RUN] Would book '6:00 PM - 7:00 PM' on 2026-08-05. Skipping save.
2026-07-29 08:48:22 [INFO ] === dry_run complete ===
2026-07-29 08:48:22 [INFO ] === court_booker started ===
2026-07-29 08:48:22 [INFO ] Target date: 2026-08-06 (+8d), headless=True
2026-07-29 08:48:22 [INFO ] Page loaded: https://example.com/?selectedDate=2026-08-06
2026-07-29 08:48:22 [INFO ] Correct date confirmed: 2026-08-06
2026-07-29 08:48:22 [INFO ] Available slots: ['5:00 PM - 8:00 PM']
2026-07-29 08:48:22 [INFO ] Selected slot: 6:00 PM - 7:00 PM (18:00–19:00)
2026-07-29 08:48:22 [INFO ] Time inputs filled.
2026-07-29 08:48:22 [INFO ] Successfully booked tennis court for 2026-08-06 at 6:00 PM - 7:00 PM.
2026-07-29 08:48:22 [INFO ] === court_booker complete ===
2026-07-29 08:48:23 [INFO ] === dry_run complete ===
2026-07-29 08:48:36 [INFO ] === dry_run started ===
2026-07-29 08:48:36 [INFO ] Target date: 2026-08-05 (+7d), headless=False
2026-07-29 08:48:37 [INFO ] Page loaded: https://auth.buildinglink.com/Account/Login?ReturnUrl=%2Fconnect%2Fauthorize%2Fcallback%3Fclient_id%3Dbl-web%26nonce%3D639209261174240756.Y2YwODc3OGMtMzliNC00ZDIxLWI3M2ItY2M5ZjQxMGJmZjZiMzU5ODFmZWQtMzE4Mi00OTAxLTllNzUtNjdhZDNkYzZkYzU2%26redirect_uri%3Dhttps%253A%252F%252Flighthousewest-tscc2794.buildinglink.com%252Fv2%252Foidc-callback%26response_mode%3Dform_post%26response_type%3Dcode%2520id_token%2520token%26returnUrl%3Dhttps%253A%252F%252Flighthousewest-tscc2794.buildinglink.com%252Fv2%252Ftenant%252Famenities%252Fnewreservation.aspx%253FamenityId%253D68068%2526from%253D0%2526selectedDate%253D2026-08-05%26scope%3Dopenid%2520profile%2520groups%2520buildinglink%2520offline_access%2520uuids%26state%3DOpenIdConnect.AuthenticationProperties%253DQG1qs2JwUM1tmvNpivcRkgN1pDbzm4Lqsqvu4AKmgLwzFVLb3hG9KBF_-GnQbKR_4Es90QreSAh6Aw-yR9d8wMpG75tu49VacLRW332dDC43bGArAMjh7xw5G0la87YZUquDMcJHnRdliGsmCL6dHK3L6xQ1CoV_IaAfULePjitByu7wdHOeMw987mGB6cZ5ngZPaG5vVVhVWY6UiZ2Shyz1ozgliEEb-C99MNOpl9qfXiOHLMiZo4NsxmvMG8rlPDrIqBulH767ej1BOvvWiw%26x-client-SKU%3DID_NET461%26x-client-ver%3D5.4.0.0
2026-07-29 08:48:37 [INFO ] Login redirect detected. Attempting authentication.
2026-07-29 08:48:43 [INFO ] Login successful.
2026-07-29 08:48:43 [INFO ] Saved HTML: html/after_login_2026-08-05_20260729_084843.html
2026-07-29 08:48:43 [INFO ] Correct date confirmed: 2026-08-05
2026-07-29 08:48:43 [INFO ] Available slots: ['10:00 - 12:00', '/', '14:00 - 16:00']
2026-07-29 08:48:43 [INFO ] Saved HTML: html/availability_2026-08-05_20260729_084843.html
2026-07-29 08:48:43 [INFO ] Selected slot: 11:00 AM - 12:00 PM (11:00–12:00)
2026-07-29 08:48:43 [INFO ] Time inputs filled.
2026-07-29 08:48:43 [INFO ] Saved HTML: html/filled_2026-08-05_20260729_084843.html
2026-07-29 08:48:43 [INFO ] [DRY RUN] Would book '11:00 AM - 12:00 PM' on 2026-08-05. Skipping save.
2026-07-29 08:49:25 [INFO ] === dry_run complete ===
2026-07-29 08:52:44 [INFO ] === dry_run started ===
2026-07-29 08:52:44 [INFO ] Target date: 2026-08-05 (+7d), headless=False
2026-07-29 08:52:47 [INFO ] Page loaded: https://auth.buildinglink.com/Account/Login?ReturnUrl=%2Fconnect%2Fauthorize%2Fcallback%3Fclient_id%3Dbl-web%26nonce%3D639209263666753954.OWY1ZmNjMjktNzY1MC00NjQ2LTk2YWUtYTEyYTI2NzVhMDcxOGE5MzViZWEtMDAwYi00NzI0LTg4M2EtZDEyODFkNWMwZjQ1%26redirect_uri%3Dhttps%253A%252F%252Flighthousewest-tscc2794.buildinglink.com%252Fv2%252Foidc-callback%26response_mode%3Dform_post%26response_type%3Dcode%2520id_token%2520token%26returnUrl%3Dhttps%253A%252F%252Flighthousewest-tscc2794.buildinglink.com%252Fv2%252Ftenant%252Famenities%252Fnewreservation.aspx%253FamenityId%253D68068%2526from%253D0%2526selectedDate%253D2026-08-05%26scope%3Dopenid%2520profile%2520groups%2520buildinglink%2520offline_access%2520uuids%26state%3DOpenIdConnect.AuthenticationProperties%253DX5RmM540MQOs6xMSJNAoS9_Bdb-LtDtG7JSHA-J_ZztaOgCM4CsH2g842L0ujP6tZDw-Y9TIskDXqswA8HJNWqMrl2YZ3frtZdwPAfC7g04kR83X6sc8ZFvUgq5QHihHbh_3ejTRM6ok9dn3T7HtCirv7N7bFWjeftCM19pddky0xDT-o84m-0XAFYLiDrO2bN_DpzOHwMKjDfVHIO6QIDBZqUYcxWk8MpGMPw4v9AhmtIgAkqKbxXvp0GtcQcOsD98MHPSZNug9ulN5G-Ap4g%26x-client-SKU%3DID_NET461%26x-client-ver%3D5.4.0.0
2026-07-29 08:52:47 [INFO ] Login redirect detected. Attempting authentication.
2026-07-29 08:52:52 [INFO ] Login successful.
2026-07-29 08:52:52 [INFO ] Saved HTML: html/after_login_2026-08-05_20260729_085252.html
2026-07-29 08:52:52 [INFO ] Correct date confirmed: 2026-08-05
2026-07-29 08:52:52 [INFO ] Available slots: ['10:00 - 12:00', '/', '14:00 - 16:00']
2026-07-29 08:52:52 [INFO ] Saved HTML: html/availability_2026-08-05_20260729_085252.html
2026-07-29 08:52:52 [INFO ] Selected slot: 11:00 AM - 12:00 PM (11:00–12:00)
2026-07-29 08:52:52 [INFO ] Time inputs filled.
2026-07-29 08:52:52 [INFO ] Saved HTML: html/filled_2026-08-05_20260729_085252.html
2026-07-29 08:52:52 [INFO ] [DRY RUN] Would book '11:00 AM - 12:00 PM' on 2026-08-05. Skipping save.
2026-07-29 08:53:17 [INFO ] === dry_run complete ===
2026-07-29 08:56:24 [INFO ] === dry_run started ===
2026-07-29 08:56:24 [INFO ] Target date: 2026-08-05 (+7d), headless=False
2026-07-29 08:56:25 [INFO ] Page loaded: https://auth.buildinglink.com/Account/Login?ReturnUrl=%2Fconnect%2Fauthorize%2Fcallback%3Fclient_id%3Dbl-web%26nonce%3D639209265851310811.MDAyY2M2MGQtNjA1MC00YzU0LWI3MzAtMWIxM2M1ZDljNThjZmM4MjUxZDUtMjU5Mi00MjM0LWIwNjktNmIwNzdlMDBiNTE4%26redirect_uri%3Dhttps%253A%252F%252Flighthousewest-tscc2794.buildinglink.com%252Fv2%252Foidc-callback%26response_mode%3Dform_post%26response_type%3Dcode%2520id_token%2520token%26returnUrl%3Dhttps%253A%252F%252Flighthousewest-tscc2794.buildinglink.com%252Fv2%252Ftenant%252Famenities%252Fnewreservation.aspx%253FamenityId%253D68068%2526from%253D0%2526selectedDate%253D2026-08-05%26scope%3Dopenid%2520profile%2520groups%2520buildinglink%2520offline_access%2520uuids%26state%3DOpenIdConnect.AuthenticationProperties%253DV6wOo0e9oHB0eseTY-WP1DcAAVrsQaKJ3ood0fe-GvmnTgBved2gGchd9_pGj94U1QYl6KR_WtJ8Efs7lD3RHDAQNrosfj3KJufXwmk22CXa6YavjpXXytjVvmaxI4t14rYOPy1ve_l6nip5g4w-BrNzN04msH0iiuT84Wa-PjnLT5kqG3IVriUoy9xZb2mzU_h_5QB1JHVzg867O7npe8qkC1CH8iqQuY9HXLcJ0z87fh9at86FLLnBT0KHJtBdNnyz4wL5uks6f5HRTo5WIw%26x-client-SKU%3DID_NET461%26x-client-ver%3D5.4.0.0
2026-07-29 08:56:25 [INFO ] Login redirect detected. Attempting authentication.
2026-07-29 08:56:31 [INFO ] Login successful.
2026-07-29 08:56:31 [INFO ] Saved HTML: html/after_login_2026-08-05_20260729_085631.html
2026-07-29 08:56:31 [INFO ] Correct date confirmed: 2026-08-05
2026-07-29 08:56:31 [INFO ] Available slots: ['10:00 - 12:00', '/', '14:00 - 16:00']
2026-07-29 08:56:31 [INFO ] Saved HTML: html/availability_2026-08-05_20260729_085631.html
2026-07-29 08:56:31 [INFO ] Selected slot: 11:00 AM - 12:00 PM (11:00–12:00)
2026-07-29 08:56:31 [INFO ] Time inputs filled.
2026-07-29 08:56:31 [INFO ] Saved HTML: html/filled_2026-08-05_20260729_085631.html
2026-07-29 08:56:41 [INFO ] Successfully booked tennis court for 2026-08-05 at 11:00 AM - 12:00 PM.
2026-07-29 08:56:41 [WARNING] Skipping notification (missing env vars). Subject: Tennis Court Booked Successfully!
2026-07-29 08:56:41 [INFO ] === dry_run complete ===
